// Jest Snapshot v1, https://goo.gl/fbAQLP

exports[`it should render ExpenseList with expenses 1`] = `
<div>
  <h1>
    Expense List
  </h1>
  <ExpenseListItem
    amount={195}
    createdAt={0}
    description="Gum"
    id="1"
    key="1"
    note="bla ble bli"
  />
  <ExpenseListItem
    amount={109500}
    createdAt={-345600000}
    description="Rent"
    id="2"
    key="2"
    note="bla"
  />
  <ExpenseListItem
    amount={4500}
    createdAt={345600000}
    description="Credit Card"
    id="3"
    key="3"
    note="blu ble blo"
  />
</div>
`;

exports[`it should render ExpenseList without expenses 1`] = `
<div>
  <h1>
    Expense List
  </h1>
  <p>
    No expenses found
  </p>
</div>
`;
