// Jest Snapshot v1, https://goo.gl/fbAQLP

exports[`render ExpenseListItem shapshot with expenses 1`] = `
<div>
  <h3>
    <Link
      replace={false}
      to="edit/1"
    >
      Gum
    </Link>
  </h3>
  <p>
     
    1.95
     -  
    01-January-1970
     
  </p>
</div>
`;
